#0 building with "default" instance using docker driver

#1 [internal] load build definition from Dockerfile
#1 transferring dockerfile: 25.57kB done
#1 DONE 0.0s

#2 [internal] load metadata for docker.io/library/golang:1.25.11-bookworm
#2 DONE 0.3s

#3 [internal] load metadata for docker.io/library/node:24.4.1-bookworm-slim
#3 DONE 0.3s

#4 [internal] load metadata for docker.io/library/rust:1.93.0-slim-bookworm
#4 DONE 0.3s

#5 [internal] load metadata for docker.io/library/debian:bookworm-slim
#5 DONE 0.3s

#6 [internal] load .dockerignore
#6 transferring context: 976B done
#6 DONE 0.0s

#7 [brotli-library-builder 1/5] FROM docker.io/library/debian:bookworm-slim@sha256:7b140f374b289a7c2befc338f42ebe6441b7ea838a042bbd5acbfca6ec875818
#7 resolve docker.io/library/debian:bookworm-slim@sha256:7b140f374b289a7c2befc338f42ebe6441b7ea838a042bbd5acbfca6ec875818 0.0s done
#7 DONE 0.0s

#8 [prover-builder  1/16] FROM docker.io/library/rust:1.93.0-slim-bookworm@sha256:776861219cd851131c1cec3bbd7cbeb16b99a794048097eb69ad9682a8ed0d57
#8 resolve docker.io/library/rust:1.93.0-slim-bookworm@sha256:776861219cd851131c1cec3bbd7cbeb16b99a794048097eb69ad9682a8ed0d57 0.0s done
#8 DONE 0.0s

#9 [node-builder-base  1/19] FROM docker.io/library/golang:1.25.11-bookworm@sha256:b96f24a8d7d010ea0acb9c3ba99064740f02b6b984612b28bd3c9c5ab9453e38
#9 resolve docker.io/library/golang:1.25.11-bookworm@sha256:b96f24a8d7d010ea0acb9c3ba99064740f02b6b984612b28bd3c9c5ab9453e38 0.0s done
#9 DONE 0.0s

#10 [contracts-builder  1/15] FROM docker.io/library/node:24.4.1-bookworm-slim@sha256:36ae19f59c91f3303c7a648f07493fe14c4bd91320ac8d898416327bacf1bbfa
#10 resolve docker.io/library/node:24.4.1-bookworm-slim@sha256:36ae19f59c91f3303c7a648f07493fe14c4bd91320ac8d898416327bacf1bbfa 0.0s done
#10 DONE 0.0s

#11 [internal] load build context
#11 transferring context: 180.06MB 1.1s done
#11 DONE 1.1s

#12 [node-builder-base  5/19] COPY go-ethereum/go.mod go-ethereum/go.sum go-ethereum/
#12 CACHED

#13 [node-builder-base  3/19] RUN export DEBIAN_FRONTEND=noninteractive &&     apt-get update &&     apt-get install -y wabt
#13 CACHED

#14 [node-builder-base  4/19] COPY go.mod go.sum ./
#14 CACHED

#15 [node-builder-base  2/19] WORKDIR /workspace
#15 CACHED

#16 [node-builder-base  6/19] RUN go mod download
#16 CACHED

#17 [contracts-builder  5/15] COPY contracts-legacy/package.json contracts-legacy/yarn.lock contracts-legacy/
#17 CACHED

#18 [contracts-builder 10/15] COPY contracts-local contracts-local/
#18 CACHED

#19 [contracts-builder  8/15] RUN cd contracts && yarn install
#19 CACHED

#20 [contracts-builder 14/15] COPY Makefile .
#20 CACHED

#21 [contracts-builder 11/15] COPY contracts contracts/
#21 CACHED

#22 [contracts-builder 12/15] COPY safe-smart-account safe-smart-account/
#22 CACHED

#23 [contracts-builder 13/15] RUN cd safe-smart-account && npm install
#23 CACHED

#24 [contracts-builder  2/15] RUN apt-get update &&     apt-get install -y git python3 make g++ curl
#24 CACHED

#25 [contracts-builder  4/15] WORKDIR /workspace
#25 CACHED

#26 [contracts-builder  6/15] RUN cd contracts-legacy && yarn install
#26 CACHED

#27 [contracts-builder  7/15] COPY contracts/package.json contracts/yarn.lock contracts/
#27 CACHED

#28 [contracts-builder  9/15] COPY contracts-legacy contracts-legacy/
#28 CACHED

#29 [contracts-builder  3/15] RUN curl -L https://foundry.paradigm.xyz | bash && . ~/.bashrc && ~/.foundry/bin/foundryup -i 1.2.3
#29 CACHED

#30 [contracts-builder 15/15] RUN . ~/.bashrc && NITRO_BUILD_IGNORE_TIMESTAMPS=1 make build-solidity
#30 CACHED

#31 [brotli-wasm-builder 3/6] RUN apt-get update &&     apt-get install -y cmake make git lbzip2 python3 xz-utils &&     git clone --depth 1 --branch 3.1.46 https://github.com/emscripten-core/emsdk.git &&     test "$(git -C emsdk rev-parse HEAD)" = "93360d3670018769b424e4e8f1d3d9b26d32c977" &&     cd emsdk &&     ./emsdk install 3.1.7 &&     ./emsdk activate 3.1.7
#31 CACHED

#32 [prover-header-builder  9/11] COPY brotli brotli
#32 CACHED

#33 [prover-header-builder  3/11] RUN export DEBIAN_FRONTEND=noninteractive &&     apt-get update &&     apt-get install -y make clang wabt &&     cargo install --force cbindgen --version 0.29.2
#33 CACHED

#34 [brotli-wasm-export 1/1] COPY --from=brotli-wasm-builder /workspace/install/ /
#34 CACHED

#35 [prover-header-builder 11/11] RUN NITRO_BUILD_IGNORE_TIMESTAMPS=1 make build-prover-header
#35 CACHED

#36 [prover-header-builder  8/11] COPY scripts/build-brotli.sh scripts/
#36 CACHED

#37 [brotli-wasm-builder 4/6] COPY scripts/build-brotli.sh scripts/
#37 CACHED

#38 [prover-header-builder  4/11] COPY Cargo.* ./
#38 CACHED

#39 [brotli-wasm-builder 5/6] COPY brotli brotli
#39 CACHED

#40 [brotli-library-builder 2/5] WORKDIR /workspace
#40 CACHED

#41 [prover-header-builder  6/11] COPY crates/ crates/
#41 CACHED

#42 [brotli-wasm-builder 6/6] RUN cd emsdk && . ./emsdk_env.sh && cd .. && ./scripts/build-brotli.sh -w -t /workspace/install/
#42 CACHED

#43 [prover-builder  2/16] WORKDIR /workspace
#43 CACHED

#44 [prover-header-builder 10/11] RUN apt-get update && apt-get install -y cmake
#44 CACHED

#45 [prover-header-builder  7/11] COPY --from=brotli-wasm-export / target/
#45 CACHED

#46 [prover-header-builder  5/11] COPY ./Makefile ./
#46 CACHED

#47 [prover-header-export 1/1] COPY --from=prover-header-builder /workspace/target/ /
#47 CACHED

#48 [brotli-library-builder 4/5] COPY brotli brotli
#48 CACHED

#49 [brotli-library-builder 5/5] RUN apt-get update &&     apt-get install -y cmake make gcc git &&     ./scripts/build-brotli.sh -l -t /workspace/install/
#49 CACHED

#50 [brotli-library-builder 3/5] COPY scripts/build-brotli.sh scripts/
#50 CACHED

#51 [brotli-library-export 1/1] COPY --from=brotli-library-builder /workspace/install/ /
#51 CACHED

#52 [prover-builder 10/16] COPY scripts/build-brotli.sh scripts/
#52 CACHED

#53 [prover-builder 11/16] COPY brotli brotli
#53 CACHED

#54 [prover-builder  3/16] RUN export DEBIAN_FRONTEND=noninteractive &&     apt-get update &&     apt-get install -y make wget gpg software-properties-common zlib1g-dev libstdc++-12-dev wabt
#54 CACHED

#55 [prover-builder  7/16] COPY crates/ crates/
#55 CACHED

#56 [prover-builder 15/16] RUN NITRO_BUILD_IGNORE_TIMESTAMPS=1 make build-jit
#56 CACHED

#57 [prover-builder 14/16] RUN NITRO_BUILD_IGNORE_TIMESTAMPS=1 make build-prover-bin
#57 CACHED

#58 [prover-builder  8/16] COPY ./Makefile ./
#58 CACHED

#59 [prover-builder  9/16] COPY --from=brotli-wasm-export / target/
#59 CACHED

#60 [prover-builder  6/16] COPY Cargo.* ./
#60 CACHED

#61 [prover-builder  4/16] RUN wget -O - https://apt.llvm.org/llvm-snapshot.gpg.key | apt-key add - &&     add-apt-repository 'deb http://apt.llvm.org/bookworm/ llvm-toolchain-bookworm-15 main' &&     apt-get update &&     apt-get install -y llvm-15-dev libclang-common-15-dev
#61 CACHED

#62 [prover-builder  5/16] COPY --from=brotli-library-export / target/
#62 CACHED

#63 [prover-builder 13/16] RUN NITRO_BUILD_IGNORE_TIMESTAMPS=1 make build-prover-lib
#63 CACHED

#64 [prover-builder 16/16] RUN NITRO_BUILD_IGNORE_TIMESTAMPS=1 make build-validation-server
#64 CACHED

#65 [prover-builder 12/16] RUN touch -a -m crates/prover/src/lib.rs
#65 CACHED

#66 [prover-export 1/1] COPY --from=prover-builder /workspace/target/ /
#66 CACHED

#67 [node-builder-base  7/19] COPY . ./
#67 DONE 2.1s

#68 [node-builder-base  8/19] COPY --from=contracts-builder workspace/contracts/build/ contracts/build/
#68 DONE 0.1s

#69 [node-builder-base  9/19] COPY --from=contracts-builder workspace/contracts/out/ contracts/out/
#69 DONE 0.0s

#70 [node-builder-base 10/19] COPY --from=contracts-builder workspace/contracts/node_modules/@offchainlabs/upgrade-executor/build/contracts/src/UpgradeExecutor.sol/UpgradeExecutor.json contracts/node_modules/@offchainlabs/upgrade-executor/build/contracts/src/UpgradeExecutor.sol/
#70 DONE 0.0s

#71 [node-builder-base 11/19] COPY --from=contracts-builder workspace/contracts-legacy/build/ contracts-legacy/build/
#71 DONE 0.1s

#72 [node-builder-base 12/19] COPY --from=contracts-builder workspace/contracts-legacy/out/ contracts-legacy/out/
#72 DONE 0.0s

#73 [node-builder-base 13/19] COPY --from=contracts-builder workspace/contracts-local/out/ contracts-local/out/
#73 DONE 0.0s

#74 [node-builder-base 14/19] COPY --from=contracts-builder workspace/safe-smart-account/build/ safe-smart-account/build/
#74 DONE 0.0s

#75 [node-builder-base 15/19] COPY --from=contracts-builder workspace/.make/ .make/
#75 DONE 0.0s

#76 [node-builder-base 16/19] COPY --from=prover-header-export / target/
#76 DONE 0.2s

#77 [node-builder-base 17/19] COPY --from=brotli-library-export / target/
#77 DONE 0.0s

#78 [node-builder-base 18/19] RUN mkdir -p target/bin
#78 DONE 0.1s

#79 [node-builder-base 19/19] COPY .nitro-tag.txt /nitro-tag.txt
#79 DONE 0.0s

#80 [node-builder 1/2] COPY --from=prover-export / target/
#80 DONE 7.3s

#81 [node-builder 2/2] RUN NITRO_BUILD_IGNORE_TIMESTAMPS=1 make build
#81 0.145 cat: crates/prover/test-cases/link.txt: No such file or directory
#81 0.147 cat: crates/prover/test-cases/link.txt: No such file or directory
#81 0.230 test -f target/include/brotli/encode.h || ./scripts/build-brotli.sh -l
#81 0.230 test -f target/include/brotli/decode.h || ./scripts/build-brotli.sh -l
#81 0.231 test -f target/lib/libbrotlicommon-static.a || ./scripts/build-brotli.sh -l
#81 0.231 test -f target/lib/libbrotlienc-static.a || ./scripts/build-brotli.sh -l
#81 0.231 test -f target/lib/libbrotlidec-static.a || ./scripts/build-brotli.sh -l
#81 0.234 test -f target/lib-wasm/libbrotlicommon-static.a || ./scripts/build-brotli.sh -w -d
#81 0.234 test -f target/lib-wasm/libbrotlienc-static.a || ./scripts/build-brotli.sh -w -d
#81 0.234 test -f target/lib-wasm/libbrotlidec-static.a || ./scripts/build-brotli.sh -w -d
#81 0.235 mkdir -p target/machines/latest
#81 0.236 touch .make/machines
#81 0.313 mkdir -p solgen/go/
#81 0.313 go run solgen/gen.go
#81 14.08 successfully generated go abi files
#81 14.08 skipping abi export since blockscout is not present
#81 14.10 go build -ldflags="-extldflags '-ldl' -X github.com/offchainlabs/nitro/cmd/util/confighelpers.version=v3.11.0-a618155 -X github.com/offchainlabs/nitro/cmd/util/confighelpers.datetime=2026-06-16T22:20:01+00:00 -X github.com/offchainlabs/nitro/cmd/util/confighelpers.modified=false" -o target/bin/nitro "/workspace/cmd/nitro"
#81 64.72 go build -ldflags="-extldflags '-ldl' -X github.com/offchainlabs/nitro/cmd/util/confighelpers.version=v3.11.0-a618155 -X github.com/offchainlabs/nitro/cmd/util/confighelpers.datetime=2026-06-16T22:20:01+00:00 -X github.com/offchainlabs/nitro/cmd/util/confighelpers.modified=false" -o target/bin/deploy "/workspace/cmd/deploy"
#81 67.12 go build -ldflags="-extldflags '-ldl' -X github.com/offchainlabs/nitro/cmd/util/confighelpers.version=v3.11.0-a618155 -X github.com/offchainlabs/nitro/cmd/util/confighelpers.datetime=2026-06-16T22:20:01+00:00 -X github.com/offchainlabs/nitro/cmd/util/confighelpers.modified=false" -o target/bin/relay "/workspace/cmd/relay"
#81 68.70 go build -ldflags="-extldflags '-ldl' -X github.com/offchainlabs/nitro/cmd/util/confighelpers.version=v3.11.0-a618155 -X github.com/offchainlabs/nitro/cmd/util/confighelpers.datetime=2026-06-16T22:20:01+00:00 -X github.com/offchainlabs/nitro/cmd/util/confighelpers.modified=false" -o target/bin/daprovider "/workspace/cmd/daprovider"
#81 78.37 go build -ldflags="-extldflags '-ldl' -X github.com/offchainlabs/nitro/cmd/util/confighelpers.version=v3.11.0-a618155 -X github.com/offchainlabs/nitro/cmd/util/confighelpers.datetime=2026-06-16T22:20:01+00:00 -X github.com/offchainlabs/nitro/cmd/util/confighelpers.modified=false" -o target/bin/anytrustserver "/workspace/cmd/anytrustserver"
#81 80.83 go build -ldflags="-extldflags '-ldl' -X github.com/offchainlabs/nitro/cmd/util/confighelpers.version=v3.11.0-a618155 -X github.com/offchainlabs/nitro/cmd/util/confighelpers.datetime=2026-06-16T22:20:01+00:00 -X github.com/offchainlabs/nitro/cmd/util/confighelpers.modified=false" -o target/bin/autonomous-auctioneer "/workspace/cmd/autonomous-auctioneer"
#81 83.35 go build -ldflags="-extldflags '-ldl' -X github.com/offchainlabs/nitro/cmd/util/confighelpers.version=v3.11.0-a618155 -X github.com/offchainlabs/nitro/cmd/util/confighelpers.datetime=2026-06-16T22:20:01+00:00 -X github.com/offchainlabs/nitro/cmd/util/confighelpers.modified=false" -o target/bin/bidder-client "/workspace/cmd/bidder-client"
#81 85.30 go build -ldflags="-extldflags '-ldl' -X github.com/offchainlabs/nitro/cmd/util/confighelpers.version=v3.11.0-a618155 -X github.com/offchainlabs/nitro/cmd/util/confighelpers.datetime=2026-06-16T22:20:01+00:00 -X github.com/offchainlabs/nitro/cmd/util/confighelpers.modified=false" -o target/bin/anytrusttool "/workspace/cmd/anytrusttool"
#81 87.38 go build -ldflags="-extldflags '-ldl' -X github.com/offchainlabs/nitro/cmd/util/confighelpers.version=v3.11.0-a618155 -X github.com/offchainlabs/nitro/cmd/util/confighelpers.datetime=2026-06-16T22:20:01+00:00 -X github.com/offchainlabs/nitro/cmd/util/confighelpers.modified=false" -o target/bin/blobtool "/workspace/cmd/blobtool"
#81 88.84 go build -ldflags="-extldflags '-ldl' -X github.com/offchainlabs/nitro/cmd/util/confighelpers.version=v3.11.0-a618155 -X github.com/offchainlabs/nitro/cmd/util/confighelpers.datetime=2026-06-16T22:20:01+00:00 -X github.com/offchainlabs/nitro/cmd/util/confighelpers.modified=false" -o target/bin/el-proxy "/workspace/cmd/el-proxy"
#81 96.70 go build -ldflags="-extldflags '-ldl' -X github.com/offchainlabs/nitro/cmd/util/confighelpers.version=v3.11.0-a618155 -X github.com/offchainlabs/nitro/cmd/util/confighelpers.datetime=2026-06-16T22:20:01+00:00 -X github.com/offchainlabs/nitro/cmd/util/confighelpers.modified=false" -o target/bin/mockexternalsigner "/workspace/cmd/mockexternalsigner"
#81 98.22 go build -ldflags="-extldflags '-ldl' -X github.com/offchainlabs/nitro/cmd/util/confighelpers.version=v3.11.0-a618155 -X github.com/offchainlabs/nitro/cmd/util/confighelpers.datetime=2026-06-16T22:20:01+00:00 -X github.com/offchainlabs/nitro/cmd/util/confighelpers.modified=false" -o target/bin/seq-coordinator-invalidate "/workspace/cmd/seq-coordinator-invalidate"
#81 106.2 go build -ldflags="-extldflags '-ldl' -X github.com/offchainlabs/nitro/cmd/util/confighelpers.version=v3.11.0-a618155 -X github.com/offchainlabs/nitro/cmd/util/confighelpers.datetime=2026-06-16T22:20:01+00:00 -X github.com/offchainlabs/nitro/cmd/util/confighelpers.modified=false" -o target/bin/nitro-val "/workspace/cmd/nitro-val"
#81 114.5 go build -ldflags="-extldflags '-ldl' -X github.com/offchainlabs/nitro/cmd/util/confighelpers.version=v3.11.0-a618155 -X github.com/offchainlabs/nitro/cmd/util/confighelpers.datetime=2026-06-16T22:20:01+00:00 -X github.com/offchainlabs/nitro/cmd/util/confighelpers.modified=false" -o target/bin/seq-coordinator-manager "/workspace/cmd/seq-coordinator-manager"
#81 116.9 go build -ldflags="-extldflags '-ldl' -X github.com/offchainlabs/nitro/cmd/util/confighelpers.version=v3.11.0-a618155 -X github.com/offchainlabs/nitro/cmd/util/confighelpers.datetime=2026-06-16T22:20:01+00:00 -X github.com/offchainlabs/nitro/cmd/util/confighelpers.modified=false" -o target/bin/dbconv "/workspace/cmd/dbconv"
#81 118.6 go build -ldflags="-extldflags '-ldl' -X github.com/offchainlabs/nitro/cmd/util/confighelpers.version=v3.11.0-a618155 -X github.com/offchainlabs/nitro/cmd/util/confighelpers.datetime=2026-06-16T22:20:01+00:00 -X github.com/offchainlabs/nitro/cmd/util/confighelpers.modified=false" -o target/bin/genesis-generator "/workspace/cmd/genesis-generator"
#81 126.2 go build -ldflags="-extldflags '-ldl' -X github.com/offchainlabs/nitro/cmd/util/confighelpers.version=v3.11.0-a618155 -X github.com/offchainlabs/nitro/cmd/util/confighelpers.datetime=2026-06-16T22:20:01+00:00 -X github.com/offchainlabs/nitro/cmd/util/confighelpers.modified=false" -o target/bin/transaction-filterer "/workspace/cmd/transaction-filterer"
#81 134.1 go build -ldflags="-extldflags '-ldl' -X github.com/offchainlabs/nitro/cmd/util/confighelpers.version=v3.11.0-a618155 -X github.com/offchainlabs/nitro/cmd/util/confighelpers.datetime=2026-06-16T22:20:01+00:00 -X github.com/offchainlabs/nitro/cmd/util/confighelpers.modified=false" -o target/bin/filtering-report "/workspace/cmd/filtering-report"
#81 142.6 go build -ldflags="-extldflags '-ldl' -X github.com/offchainlabs/nitro/cmd/util/confighelpers.version=v3.11.0-a618155 -X github.com/offchainlabs/nitro/cmd/util/confighelpers.datetime=2026-06-16T22:20:01+00:00 -X github.com/offchainlabs/nitro/cmd/util/confighelpers.modified=false" -o target/bin/stylus-raw-deploycode "/workspace/cmd/stylus-raw-deploycode"
#81 144.0 [38;5;161;1mdone![0;0m
#81 DONE 144.3s

#82 exporting to image
#82 exporting layers
#82 exporting layers 157.5s done
#82 exporting manifest sha256:f542ce26ecc353ca2d180b9942b376e449691ff235f85d57bf1b969931a29166 done
#82 exporting config sha256:5e3ec60177e97d0b5b7300295dff45f06fe2539b04b111c45496106094c8f3cb done
#82 exporting attestation manifest sha256:32b92d91675377fc0a0640bf35152b23527e0670d2db7c4e8f3b00a044a35fe0 0.0s done
#82 exporting manifest list sha256:22d90ca8110ad5b04faa1d1b397934136eef5da5c8115209f7e041c21ca3ebd5 done
#82 naming to docker.io/library/nitro-modified:latest done
#82 unpacking to docker.io/library/nitro-modified:latest
#82 unpacking to docker.io/library/nitro-modified:latest 31.6s done
#82 DONE 189.1s
Build exited with code 0 at 2026-07-24T13:20:01Z
